// Jest Snapshot v1, https://goo.gl/fbAQLP

exports[`App component tests Shows a list of users 1`] = `null`;
